// Vitest Snapshot v1, https://vitest.dev/guide/snapshot.html

exports[`decodeRanked > 154 の候補一覧 1`] = `
[
  {
    "score": 4,
    "word": "いふぉ",
  },
  {
    "score": 3.8,
    "word": "ひふぉ",
  },
  {
    "score": 3,
    "word": "いこし",
  },
  {
    "score": 2.8,
    "word": "いこよ",
  },
  {
    "score": 2.8,
    "word": "いらし",
  },
  {
    "score": 2.8,
    "word": "ひこし",
  },
  {
    "score": 2.6,
    "word": "いらよ",
  },
  {
    "score": 2.6,
    "word": "ひこよ",
  },
  {
    "score": 2.6,
    "word": "ひらし",
  },
  {
    "score": 2.4,
    "word": "ひらよ",
  },
]
`;

exports[`decodeRanked > 629 の候補一覧 1`] = `
[
  {
    "score": 4,
    "word": "ろつぇ",
  },
  {
    "score": 4,
    "word": "ろちぇ",
  },
  {
    "score": 3.8,
    "word": "るつぇ",
  },
  {
    "score": 3.8,
    "word": "るちぇ",
  },
  {
    "score": 3.6,
    "word": "えつぇ",
  },
  {
    "score": 3.6,
    "word": "えちぇ",
  },
  {
    "score": 3,
    "word": "ろにき",
  },
  {
    "score": 2.8,
    "word": "ろにく",
  },
  {
    "score": 2.8,
    "word": "ろふき",
  },
  {
    "score": 2.8,
    "word": "るにき",
  },
  {
    "score": 2.6,
    "word": "ろにか",
  },
  {
    "score": 2.6,
    "word": "ろふく",
  },
  {
    "score": 2.6,
    "word": "るにく",
  },
  {
    "score": 2.6,
    "word": "るふき",
  },
  {
    "score": 2.6,
    "word": "えにき",
  },
  {
    "score": 2.4,
    "word": "ろふか",
  },
  {
    "score": 2.4,
    "word": "るにか",
  },
  {
    "score": 2.4,
    "word": "るふく",
  },
  {
    "score": 2.4,
    "word": "えにく",
  },
  {
    "score": 2.4,
    "word": "えふき",
  },
  {
    "score": 2.2,
    "word": "るふか",
  },
  {
    "score": 2.2,
    "word": "えにか",
  },
  {
    "score": 2.2,
    "word": "えふく",
  },
  {
    "score": 2,
    "word": "えふか",
  },
]
`;

exports[`decodeRanked > 784 の候補一覧 1`] = `
[
  {
    "score": 4,
    "word": "うぁし",
  },
  {
    "score": 4,
    "word": "にゃし",
  },
  {
    "score": 4,
    "word": "なーし",
  },
  {
    "score": 3.8,
    "word": "うぁよ",
  },
  {
    "score": 3.8,
    "word": "にゃよ",
  },
  {
    "score": 3.8,
    "word": "なーよ",
  },
  {
    "score": 3,
    "word": "なはし",
  },
  {
    "score": 2.8,
    "word": "なはよ",
  },
  {
    "score": 2.8,
    "word": "なやし",
  },
  {
    "score": 2.8,
    "word": "うはし",
  },
  {
    "score": 2.6,
    "word": "なやよ",
  },
  {
    "score": 2.6,
    "word": "なあし",
  },
  {
    "score": 2.6,
    "word": "うはよ",
  },
  {
    "score": 2.6,
    "word": "うやし",
  },
  {
    "score": 2.4,
    "word": "なあよ",
  },
  {
    "score": 2.4,
    "word": "うやよ",
  },
  {
    "score": 2.4,
    "word": "うあし",
  },
  {
    "score": 2.2,
    "word": "うあよ",
  },
]
`;
